// Jest Snapshot v1, https://goo.gl/fbAQLP

exports[`AchievementsProgress component Render 1`] = `
{
  "asFragment": [Function],
  "baseElement": <body>
    <div>
      <section>
        <div>
          <svg
            data-testid="svg"
            height="148"
            viewBox="0 0 148 148"
            width="148"
          >
            <circle
              cx="74"
              cy="74"
              data-testid="circle"
              fill="transparent"
              r="46"
              stroke="current-color"
              stroke-width="14"
              style="stroke-dashoffset: NaN; stroke-dasharray: 289.02652413026095 289.02652413026095;"
            />
          </svg>
          <span>
            12
            /
            20
          </span>
          <span>
            progress
          </span>
        </div>
        <p>
          I have created a set of achievements for myself and I use this page to track them.
        </p>
        <p>
          If you want to give me a challenge and rate it, please feel free to submit it with the button below!
        </p>
        <button
          type="button"
        >
          Challenge me
        </button>
      </section>
    </div>
  </body>,
  "container": <div>
    <section>
      <div>
        <svg
          data-testid="svg"
          height="148"
          viewBox="0 0 148 148"
          width="148"
        >
          <circle
            cx="74"
            cy="74"
            data-testid="circle"
            fill="transparent"
            r="46"
            stroke="current-color"
            stroke-width="14"
            style="stroke-dashoffset: NaN; stroke-dasharray: 289.02652413026095 289.02652413026095;"
          />
        </svg>
        <span>
          12
          /
          20
        </span>
        <span>
          progress
        </span>
      </div>
      <p>
        I have created a set of achievements for myself and I use this page to track them.
      </p>
      <p>
        If you want to give me a challenge and rate it, please feel free to submit it with the button below!
      </p>
      <button
        type="button"
      >
        Challenge me
      </button>
    </section>
  </div>,
  "debug": [Function],
  "findAllByAltText": [Function],
  "findAllByDisplayValue": [Function],
  "findAllByLabelText": [Function],
  "findAllByPlaceholderText": [Function],
  "findAllByRole": [Function],
  "findAllByTestId": [Function],
  "findAllByText": [Function],
  "findAllByTitle": [Function],
  "findByAltText": [Function],
  "findByDisplayValue": [Function],
  "findByLabelText": [Function],
  "findByPlaceholderText": [Function],
  "findByRole": [Function],
  "findByTestId": [Function],
  "findByText": [Function],
  "findByTitle": [Function],
  "getAllByAltText": [Function],
  "getAllByDisplayValue": [Function],
  "getAllByLabelText": [Function],
  "getAllByPlaceholderText": [Function],
  "getAllByRole": [Function],
  "getAllByTestId": [Function],
  "getAllByText": [Function],
  "getAllByTitle": [Function],
  "getByAltText": [Function],
  "getByDisplayValue": [Function],
  "getByLabelText": [Function],
  "getByPlaceholderText": [Function],
  "getByRole": [Function],
  "getByTestId": [Function],
  "getByText": [Function],
  "getByTitle": [Function],
  "queryAllByAltText": [Function],
  "queryAllByDisplayValue": [Function],
  "queryAllByLabelText": [Function],
  "queryAllByPlaceholderText": [Function],
  "queryAllByRole": [Function],
  "queryAllByTestId": [Function],
  "queryAllByText": [Function],
  "queryAllByTitle": [Function],
  "queryByAltText": [Function],
  "queryByDisplayValue": [Function],
  "queryByLabelText": [Function],
  "queryByPlaceholderText": [Function],
  "queryByRole": [Function],
  "queryByTestId": [Function],
  "queryByText": [Function],
  "queryByTitle": [Function],
  "rerender": [Function],
  "unmount": [Function],
}
`;
