// Jest Snapshot v1, https://goo.gl/fbAQLP

exports[`AchievementsBlock component Render with achieved length greater than 0 1`] = `
{
  "asFragment": [Function],
  "baseElement": <body>
    <div>
      <div
        data-testid="achievements-block"
      >
        <span>
          achieved:
        </span>
        <div>
          <article
            class="undefined undefined "
          >
            <figure>
              <img
                alt="Rarity icon representing epic"
                src="test-file-stub"
              />
              <figcaption>
                epic
              </figcaption>
            </figure>
            <div
              class="undefined"
            >
              <div>
                <h4>
                  Professional tools
                   
                </h4>
                <p>
                  Learn webpack
                </p>
                <time
                  datetime="2024.01.23"
                >
                  achieved:
                  2024.01.23
                </time>
              </div>
            </div>
          </article>
        </div>
      </div>
    </div>
  </body>,
  "container": <div>
    <div
      data-testid="achievements-block"
    >
      <span>
        achieved:
      </span>
      <div>
        <article
          class="undefined undefined "
        >
          <figure>
            <img
              alt="Rarity icon representing epic"
              src="test-file-stub"
            />
            <figcaption>
              epic
            </figcaption>
          </figure>
          <div
            class="undefined"
          >
            <div>
              <h4>
                Professional tools
                 
              </h4>
              <p>
                Learn webpack
              </p>
              <time
                datetime="2024.01.23"
              >
                achieved:
                2024.01.23
              </time>
            </div>
          </div>
        </article>
      </div>
    </div>
  </div>,
  "debug": [Function],
  "findAllByAltText": [Function],
  "findAllByDisplayValue": [Function],
  "findAllByLabelText": [Function],
  "findAllByPlaceholderText": [Function],
  "findAllByRole": [Function],
  "findAllByTestId": [Function],
  "findAllByText": [Function],
  "findAllByTitle": [Function],
  "findByAltText": [Function],
  "findByDisplayValue": [Function],
  "findByLabelText": [Function],
  "findByPlaceholderText": [Function],
  "findByRole": [Function],
  "findByTestId": [Function],
  "findByText": [Function],
  "findByTitle": [Function],
  "getAllByAltText": [Function],
  "getAllByDisplayValue": [Function],
  "getAllByLabelText": [Function],
  "getAllByPlaceholderText": [Function],
  "getAllByRole": [Function],
  "getAllByTestId": [Function],
  "getAllByText": [Function],
  "getAllByTitle": [Function],
  "getByAltText": [Function],
  "getByDisplayValue": [Function],
  "getByLabelText": [Function],
  "getByPlaceholderText": [Function],
  "getByRole": [Function],
  "getByTestId": [Function],
  "getByText": [Function],
  "getByTitle": [Function],
  "queryAllByAltText": [Function],
  "queryAllByDisplayValue": [Function],
  "queryAllByLabelText": [Function],
  "queryAllByPlaceholderText": [Function],
  "queryAllByRole": [Function],
  "queryAllByTestId": [Function],
  "queryAllByText": [Function],
  "queryAllByTitle": [Function],
  "queryByAltText": [Function],
  "queryByDisplayValue": [Function],
  "queryByLabelText": [Function],
  "queryByPlaceholderText": [Function],
  "queryByRole": [Function],
  "queryByTestId": [Function],
  "queryByText": [Function],
  "queryByTitle": [Function],
  "rerender": [Function],
  "unmount": [Function],
}
`;
